<?xml version="1.0" encoding="UTF-8"?>
<testsuites name="jest tests" tests="1" failures="0" errors="0" time="0.51">
  <testsuite name="fetch-consumer" errors="0" failures="0" skipped="0" timestamp="2022-05-20T19:23:19" time="0.468" tests="1">
    <testcase classname="fetch-consumer fetches" name="fetch-consumer fetches" time="0.228">
    </testcase>
  </testsuite>
</testsuites>